{"resources": [{"path": "axes_orientation.csv", "name": "axes_orientation", "profile": "tabular-data-resource", "scheme": "file", "format": "csv", "hashing": "md5", "encoding": "utf-8", "schema": {"fields": [{"name": "t", "unit": "s", "type": "number"}, {"name": "E", "unit": "V", "reference": "RHE", "type": "number"}, {"name": "j", "unit": "A / m2", "type": "number"}]}}], "experimental": {"tags": []}, "source": {"figure": "1a", "curve": "Pt(111)_ph_1,2_KPF6"}, "figure description": {"version": 1, "type": "digitized", "simultaneous measurements": [], "measurement type": "CV", "scan rate": {"value": 50.0, "unit": "mV / s"}, "fields": [{"name": "E", "unit": "V", "orientation": "x", "reference": "RHE"}, {"name": "j", "unit": "uA / cm2", "orientation": "y"}], "comment": "Working solutions of the pH-series with values lower than 3 were prepared by using HClO4 and KClO4. For pH values ranging from 3 to 9, phosphate buffer solutions were employed (Na2HPO4 and NaH2PO4). Alkaline solutions were prepared with NaOH and KClO4. The exact concentrations of these components are unkown."}, "data description": {"version": 1, "type": "digitized", "measurement type": "CV"}, "profile": "data-package"}