{"experimental": {"tags": []}, "source": {"figure": "", "curve": "label"}, "figure description": {"version": 1, "type": "digitized", "simultaneous measurements": [], "measurement type": "CV", "scan rate": {"value": 50.0, "unit": "mV / s"}, "fields": [{"name": "E", "unit": "V", "orientation": "x", "reference": "unknown"}, {"name": "j", "unit": "uA cm-2", "orientation": "y"}], "comment": ""}, "data description": {"version": 1, "type": "digitized", "measurement type": "CV", "fields": [{"name": "E", "unit": "V", "reference": "unknown"}, {"name": "j", "unit": "A / m2"}, {"name": "t", "unit": "s"}]}}